// Jest Snapshot v1, https://goo.gl/fbAQLP

exports[`Button Component Button renders correctly 1`] = `
<button
  className="sc-bdVaJa lcgZoM"
  disabled={false}
  reversed={false}
  shape="pill"
  size="normal"
>
  This is a button
</button>
`;
